// Jest Snapshot v1, https://goo.gl/fbAQLP

exports[`Modal スナップショットテスト isActiveがtrueの時 1`] = `
<DocumentFragment>
  <div
    data-focus-guard="true"
    style="width: 1px; height: 0px; padding: 0px; overflow: hidden; position: fixed; top: 1px; left: 1px;"
    tabindex="0"
  />
  .c0 {
  position: fixed;
  inset: 0;
  display: grid;
  place-items: center;
  padding: 16px;
  background-color: rgba(0,0,0,0.6);
}

<div
    data-focus-lock-disabled="false"
  >
    <div
      class="c0"
      style="opacity: 0;"
    >
      children
    </div>
  </div>
  <div
    data-focus-guard="true"
    style="width: 1px; height: 0px; padding: 0px; overflow: hidden; position: fixed; top: 1px; left: 1px;"
    tabindex="0"
  />
</DocumentFragment>
`;

exports[`Modal スナップショットテスト 初期表示 1`] = `<DocumentFragment />`;
