// Jest Snapshot v1, https://goo.gl/fbAQLP

exports[`Portal スナップショットテスト コンポーネントをレンダリングする要素があるとき 1`] = `
<DocumentFragment>
  children
</DocumentFragment>
`;

exports[`Portal スナップショットテスト コンポーネントをレンダリングする要素がないとき 1`] = `<DocumentFragment />`;
