// Jest Snapshot v1, https://goo.gl/fbAQLP

exports[`DefaultLayout スナップショットテスト 1`] = `
<DocumentFragment>
  <meta
    charset="utf-8"
  />
  <meta
    content="width=device-width,initial-scale=1.0,minimum-scale=1.0"
    name="viewport"
  />
  <title>
    site name
  </title>
  <meta
    content="default description"
    name="description"
  />
  <link
    href="/images/favicon.ico"
    rel="icon"
  />
  <header>
    header
  </header>
  <main>
    children
  </main>
  <footer>
    footer
  </footer>
</DocumentFragment>
`;
