// Jest Snapshot v1, https://goo.gl/fbAQLP

exports[`Footer スナップショットテスト 1`] = `
<DocumentFragment>
  <footer>
    footer
  </footer>
</DocumentFragment>
`;
