// Jest Snapshot v1, https://goo.gl/fbAQLP

exports[`Layout スナップショットテスト 1`] = `
<DocumentFragment>
  <header>
    header
  </header>
  <main>
    children
  </main>
  <footer>
    footer
  </footer>
</DocumentFragment>
`;
