// Jest Snapshot v1, https://goo.gl/fbAQLP

exports[`Header スナップショットテスト 1`] = `
<DocumentFragment>
  <header>
    header
  </header>
</DocumentFragment>
`;
