// Jest Snapshot v1, https://goo.gl/fbAQLP

exports[`DefaultHead スナップショットテスト 1`] = `
<DocumentFragment>
  <meta
    charset="utf-8"
  />
  <meta
    content="width=device-width,initial-scale=1.0,minimum-scale=1.0"
    name="viewport"
  />
  <title>
    app name [TEST]
  </title>
  <meta
    content="default description [TEST]"
    name="description"
  />
  <link
    href="/images/favicon.ico"
    rel="icon"
  />
</DocumentFragment>
`;
