// Vitest Snapshot v1, https://vitest.dev/guide/snapshot.html

exports[`SvgIcon > renders correctly 1`] = `
<DocumentFragment>
  <svg
    aria-hidden="true"
    class="size-[1em] fill-current text-current text-[24px]"
    focusable="false"
  />
</DocumentFragment>
`;
