// Jest Snapshot v1, https://goo.gl/fbAQLP

exports[`Icon スナップショットテスト 1`] = `
<DocumentFragment>
  .emotion-0 {
  width: 24px;
  height: 24px;
}

.emotion-0>svg {
  width: inherit;
  height: inherit;
}

<i
    class="emotion-0 emotion-1"
  >
    <svg />
  </i>
</DocumentFragment>
`;
