// Jest Snapshot v1, https://goo.gl/fbAQLP

exports[`Paragraph スナップショットテスト 1`] = `
<DocumentFragment>
  .emotion-0 {
  font-size: 16px;
  line-height: 24px;
}

<p
    class="emotion-0 emotion-1"
  >
    children
  </p>
</DocumentFragment>
`;
