// Jest Snapshot v1, https://goo.gl/fbAQLP

exports[`Text スナップショットテスト 1`] = `
<DocumentFragment>
  .c0 {
  font-size: 16px;
  line-height: 24px;
}

<p
    class="c0"
  >
    children
  </p>
</DocumentFragment>
`;
