// Jest Snapshot v1, https://goo.gl/fbAQLP

exports[`Typography スナップショットテスト 1`] = `
<DocumentFragment>
  .emotion-0 {
  font-size: 16px;
  line-height: 1.5;
}

<p
    class="emotion-0 emotion-1"
  />
</DocumentFragment>
`;
